[INFO] [1789981672.334976097] [back_and_forth]: excitation schedule: 103 segments, 93.4 s per cycle, 20.0 Hz
[INFO] [1789981765.777874832] [back_and_forth]: schedule complete, holding zero
[ros2run]: Received signal:  Interrupt
Traceback (most recent call last):
  File "/home/GTL/mrodrgue/ros2_ws/src/install/model_prediction/lib/model_prediction/backandforth", line 33, in <module>
    sys.exit(load_entry_point('model-prediction', 'console_scripts', 'backandforth')())
             ^^^^^^^^^^^^^^^^^^^^^^^^^^^^^^^^^^^^^^^^^^^^^^^^^^^^^^^^^^^^^^^^^^^^^^^^^
  File "/home/GTL/mrodrgue/ros2_ws/src/build/model_prediction/model_prediction/backandforth.py", line 147, in main
    rclpy.spin(driver)
  File "/opt/ros/kilted/lib/python3.12/site-packages/rclpy/__init__.py", line 324, in spin
    executor.spin_once()
  File "/opt/ros/kilted/lib/python3.12/site-packages/rclpy/executors.py", line 1013, in spin_once
    self._spin_once_impl(timeout_sec)
  File "/opt/ros/kilted/lib/python3.12/site-packages/rclpy/executors.py", line 993, in _spin_once_impl
    handler, entity, node = self.wait_for_ready_callbacks(
                            ^^^^^^^^^^^^^^^^^^^^^^^^^^^^^^
  File "/opt/ros/kilted/lib/python3.12/site-packages/rclpy/executors.py", line 963, in wait_for_ready_callbacks
    return next(self._cb_iter)
           ^^^^^^^^^^^^^^^^^^^
  File "/opt/ros/kilted/lib/python3.12/site-packages/rclpy/executors.py", line 865, in _wait_for_ready_callbacks
    wait_set.wait(timeout_nsec)
KeyboardInterrupt
[ros2run]: Interrupt
